Save last log when reboot
Filesystem                Size      Used Available Use% Mounted on
/dev/root                12.5M     10.7M      1.8M  85% /
devtmpfs                 60.2M         0     60.2M   0% /dev
tmpfs                    60.3M      5.7M     54.6M   9% /tmp
MemTotal:         123468 kB
MemFree:           91304 kB
MemAvailable:      97804 kB
Buffers:               0 kB
Cached:            15152 kB
SwapCached:            0 kB
Active:             9340 kB
Inactive:          12564 kB
Active(anon):       7340 kB
Inactive(anon):     5268 kB
Active(file):       2000 kB
Inactive(file):     7296 kB
Unevictable:           0 kB
Mlocked:               0 kB
SwapTotal:             0 kB
SwapFree:              0 kB
Dirty:                 0 kB
Writeback:             0 kB
AnonPages:          6748 kB
Mapped:             2308 kB
Shmem:              5868 kB
Slab:               4684 kB
SReclaimable:       1412 kB
SUnreclaim:         3272 kB
KernelStack:         512 kB
PageTables:          176 kB
NFS_Unstable:          0 kB
Bounce:                0 kB
WritebackTmp:          0 kB
CommitLimit:       61732 kB
Committed_AS:      23680 kB
VmallocTotal:    1941504 kB
VmallocUsed:        8660 kB
VmallocChunk:    1719048 kB
S   UID   PID  PPID   VSZ   RSS TTY   STIME TIME     CMD
S     0     1     0  2168   392 0:0   23:59 00:00:01 init
S     0     2     0     0     0 0:0   23:59 00:00:00 [kthreadd]
S     0     3     2     0     0 0:0   23:59 00:00:00 [ksoftirqd/0]
S     0     4     2     0     0 0:0   23:59 00:00:00 [kworker/0:0]
S     0     5     2     0     0 0:0   23:59 00:00:00 [kworker/0:0H]
S     0     6     2     0     0 0:0   23:59 00:00:00 [kworker/u2:0]
S     0     7     2     0     0 0:0   23:59 00:00:01 [rcu_preempt]
S     0     8     2     0     0 0:0   23:59 00:00:00 [rcu_sched]
S     0     9     2     0     0 0:0   23:59 00:00:00 [rcu_bh]
S     0    10     2     0     0 0:0   23:59 00:00:00 [migration/0]
S     0    11     2     0     0 0:0   23:59 00:00:00 [khelper]
S     0    12     2     0     0 0:0   23:59 00:00:00 [kdevtmpfs]
S     0    13     2     0     0 0:0   23:59 00:00:00 [writeback]
S     0    14     2     0     0 0:0   23:59 00:00:00 [bioset]
S     0    15     2     0     0 0:0   23:59 00:00:00 [crypto]
S     0    16     2     0     0 0:0   23:59 00:00:00 [kblockd]
S     0    17     2     0     0 0:0   23:59 00:00:00 [ata_sff]
D     0    18     2     0     0 0:0   23:59 00:00:00 [khubd]
S     0    19     2     0     0 0:0   23:59 00:00:00 [kworker/u2:1]
S     0    26     2     0     0 0:0   23:59 00:00:00 [kworker/0:1]
S     0    27     2     0     0 0:0   23:59 00:00:00 [cfg80211]
S     0    28     2     0     0 0:0   23:59 00:00:00 [cfinteractive]
S     0    29     2     0     0 0:0   23:59 00:00:00 [kswapd0]
S     0    30     2     0     0 0:0   23:59 00:00:00 [fsnotify_mark]
D     0    38     2     0     0 0:0   23:59 00:00:00 [ttyLogFileThrea]
S     0    39     2     0     0 0:0   23:59 00:00:00 [spi32766]
S     0    42     2     0     0 0:0   23:59 00:00:00 [ci_otg]
S     0    43     2     0     0 0:0   23:59 00:00:00 [ci_otg]
S     0    44     2     0     0 0:0   23:59 00:00:00 [kworker/u2:2]
S     0    45     2     0     0 0:0   23:59 00:00:00 [ipv6_addrconf]
S     0    46     2     0     0 0:0   23:59 00:00:00 [krfcommd]
S     0    47     2     0     0 0:0   23:59 00:00:00 [deferwq]
S     0    48     2     0     0 0:0   23:59 00:00:00 [irq/81-imx_ther]
S     0    49     2     0     0 0:0   23:59 00:00:01 [jffs2_gcd_mtd2]
S     0    64     1  2168    40 0:0   23:59 00:00:00 init
S     0    82     2     0     0 0:0   23:59 00:00:00 [btfwwork]
S     0    95     2     0     0 0:0   23:59 00:00:00 [ksdioirqd/mmc0]
D     0    98     2     0     0 0:0   23:59 00:00:00 [RTW_XMIT_THREAD]
D     0    99     2     0     0 0:0   23:59 00:00:00 [RTW_RECV_THREAD]
D     0   100     2     0     0 0:0   23:59 00:00:02 [RTW_CMD_THREAD]
D     0   101     2     0     0 0:0   23:59 00:00:00 [RTWHALXT]
S     0   111     1 19548  6892 0:0   00:00 00:00:32 ./fakeiOSDevice
S     0   123     1  2240   756 0:0   00:00 00:00:00 boa
S     0   134     2     0     0 0:0   00:00 00:00:00 [kworker/u3:0]
S     0   135     2     0     0 0:0   00:00 00:00:00 [hci0]
S     0   136     2     0     0 0:0   00:00 00:00:00 [hci0]
S     0   139     2     0     0 0:0   00:00 00:00:00 [kworker/u3:1]
S     0   140     2     0     0 0:0   00:00 00:00:00 [kworker/u3:2]
S     0   142     1  1900   192 0:0   00:00 00:00:00 rtk_hciattach -s 115200 t
S     0   155     1  2352   760 0:0   00:00 00:00:00 hostapd /etc/hostapd.conf
S     0   162     1  2168   252 0:0   00:00 00:00:00 udhcpd
S     0   169     1  4176  1372 0:0   00:00 00:00:00 hwSecret
S     0   170     2     0     0 0:0   00:02 00:00:00 [kworker/0:2]
S     0   181     2     0     0 0:0   00:02 00:00:00 [kworker/u2:3]
S     0   192     2     0     0 0:0   00:02 00:00:00 [kworker/0:1H]
S     0   813     1  2168   260 0:0   00:04 00:00:00 /bin/sh /script/after_shu
R     0   817   813  2172   260 0:0   00:04 00:00:00 ps -l
[    0.000000] Booting Linux on physical CPU 0x0
[    0.000000] Linux version 3.14.52+g94d07bb (sky@sky-vmware-1604) (gcc version 4.9.2 (GCC) ) #106 SMP PREEMPT Thu Mar 4 17:35:42 CST 2021
[    0.000000] CPU: ARMv7 Processor [410fc075] revision 5 (ARMv7), cr=10c53c7d
[    0.000000] CPU: PIPT / VIPT nonaliasing data cache, VIPT aliasing instruction cache
[    0.000000] Machine model: Freescale i.MX6 UltraLite 14x14 EVK Board
[    0.000000] Memory policy: Data cache writealloc
[    0.000000] On node 0 totalpages: 32768
[    0.000000] free_area_init_node: node 0, pgdat 805ee780, node_mem_map 87ef8000
[    0.000000]   Normal zone: 256 pages used for memmap
[    0.000000]   Normal zone: 0 pages reserved
[    0.000000]   Normal zone: 32768 pages, LIFO batch:7
[    0.000000] PERCPU: Embedded 8 pages/cpu @87ee3000 s8256 r8192 d16320 u32768
[    0.000000] pcpu-alloc: s8256 r8192 d16320 u32768 alloc=8*4096
[    0.000000] pcpu-alloc: [0] 0 
[    0.000000] Built 1 zonelists in Zone order, mobility grouping off.  Total pages: 32512
[    0.000000] Kernel command line: console=ttyLogFile0 root=/dev/mtdblock2 rootfstype=jffs2 mtdparts=21e0000.qspi:256k(uboot),3328K(kernel),12800K(rootfs) rootwait quiet rw
[    0.000000] PID hash table entries: 512 (order: -1, 2048 bytes)
[    0.000000] Dentry cache hash table entries: 16384 (order: 4, 65536 bytes)
[    0.000000] Inode-cache hash table entries: 8192 (order: 3, 32768 bytes)
[    0.000000] Memory: 123264K/131072K available (4264K kernel code, 196K rwdata, 1372K rodata, 204K init, 478K bss, 7808K reserved)
[    0.000000] Virtual kernel memory layout:
[    0.000000]     vector  : 0xffff0000 - 0xffff1000   (   4 kB)
[    0.000000]     fixmap  : 0xfff00000 - 0xfffe0000   ( 896 kB)
[    0.000000]     vmalloc : 0x88800000 - 0xff000000   (1896 MB)
[    0.000000]     lowmem  : 0x80000000 - 0x88000000   ( 128 MB)
[    0.000000]     modules : 0x7f000000 - 0x80000000   (  16 MB)
[    0.000000]       .text : 0x80008000 - 0x805893ac   (5637 kB)
[    0.000000]       .init : 0x8058a000 - 0x805bd040   ( 205 kB)
[    0.000000]       .data : 0x805be000 - 0x805ef2e0   ( 197 kB)
[    0.000000]        .bss : 0x805ef2ec - 0x80666cc8   ( 479 kB)
[    0.000000] SLUB: HWalign=64, Order=0-3, MinObjects=0, CPUs=1, Nodes=1
[    0.000000] Preemptible hierarchical RCU implementation.
[    0.000000] 	RCU restricting CPUs from NR_CPUS=4 to nr_cpu_ids=1.
[    0.000000] RCU: Adjusting geometry for rcu_fanout_leaf=16, nr_cpu_ids=1
[    0.000000] NR_IRQS:16 nr_irqs:16 16
[    0.000000] Switching to timer-based delay loop
[    0.000022] sched_clock: 32 bits at 3000kHz, resolution 333ns, wraps every 1431655765682ns
[    0.001552] clocksource_of_init: no matching clocksources found
[    0.001832] log file data init success
[    0.001944] console [ttyLogFile0] enabled
[    0.001958] tty-log-file: registered console driver for tty log file 0
[    0.002155] Console: colour dummy device 80x30
[    0.002195] Calibrating delay loop (skipped), value calculated using timer frequency.. 6.00 BogoMIPS (lpj=30000)
[    0.002223] pid_max: default: 32768 minimum: 301
[    0.002600] Mount-cache hash table entries: 1024 (order: 0, 4096 bytes)
[    0.002622] Mountpoint-cache hash table entries: 1024 (order: 0, 4096 bytes)
[    0.004278] CPU: Testing write buffer coherency: ok
[    0.004814] CPU0: update cpu_power 1024
[    0.004840] CPU0: thread -1, cpu 0, socket 0, mpidr 80000000
[    0.004892] Setting up static identity map for 0x8040c2c0 - 0x8040c318
[    0.040849] Brought up 1 CPUs
[    0.040875] SMP: Total of 1 processors activated (6.00 BogoMIPS).
[    0.040888] CPU: All CPU(s) started in SVC mode.
[    0.042289] devtmpfs: initialized
[    0.053765] VFP support v0.3: implementor 41 architecture 2 part 30 variant 7 rev 5
[    0.054563] pinctrl core: initialized pinctrl subsystem
[    0.055425] regulator-dummy: no parameters
[    0.056066] NET: Registered protocol family 16
[    0.056749] DMA: preallocated 256 KiB pool for atomic coherent allocations
[    0.058107] cpuidle: using governor ladder
[    0.058125] cpuidle: using governor menu
[    0.058383] Use WDOG1 as reset source
[    0.078344] syscon 20c8000.anatop: regmap [mem 0x020c8000-0x020c8fff] registered
[    0.079072] vdd3p0: 2625 <--> 3400 mV at 3000 mV 
[    0.080015] cpu: 725 <--> 1450 mV at 1150 mV 
[    0.081111] vddsoc: 725 <--> 1450 mV at 1175 mV 
[    0.086504] syscon 20e4000.iomuxc-gpr: regmap [mem 0x020e4000-0x020e7fff] registered
[    0.093298] syscon 21ac000.romcp: regmap [mem 0x021ac000-0x021affff] registered
[    0.095171] syscon 21bc000.ocotp-ctrl: regmap [mem 0x021bc000-0x021bffff] registered
[    0.102237] hw-breakpoint: found 5 (+1 reserved) breakpoint and 4 watchpoint registers.
[    0.102259] hw-breakpoint: maximum watchpoint size is 8 bytes.
[    0.103388] imx6ul-pinctrl 20e0000.iomuxc: initialized IMX pinctrl driver
[    0.105445] 20dc000.gpc supply pu not found, using dummy regulator
[    0.120575] bio: create slab <bio-0> at 0
[    0.127770] mxs-dma 1804000.dma-apbh: initialized
[    0.128791] can-3v3: 3300 mV 
[    0.129496] wlreg_on: 3300 mV 
[    0.130424] 2020000.serial: ttymxc0 at MMIO 0x2020000 (irq = 58, base_baud = 5000000) is a IMX
[    0.132409] 21e8000.serial: ttymxc1 at MMIO 0x21e8000 (irq = 59, base_baud = 5000000) is a IMX
[    0.133744] 21ec000.serial: ttymxc2 at MMIO 0x21ec000 (irq = 60, base_baud = 5000000) is a IMX
[    0.135445] SCSI subsystem initialized
[    0.135962] libata version 3.00 loaded.
[    0.136377] usbcore: registered new interface driver usbfs
[    0.136547] usbcore: registered new interface driver hub
[    0.136861] usbcore: registered new device driver usb
[    0.141489] i2c i2c-0: IMX I2C adapter registered
[    0.142251] i2c i2c-1: IMX I2C adapter registered
[    0.143209] Advanced Linux Sound Architecture Driver Initialized.
[    0.145311] Bluetooth: Core ver 2.18
[    0.145427] NET: Registered protocol family 31
[    0.145441] Bluetooth: HCI device and connection manager initialized
[    0.145478] Bluetooth: HCI socket layer initialized
[    0.145506] Bluetooth: L2CAP socket layer initialized
[    0.145620] Bluetooth: SCO socket layer initialized
[    0.146557] cfg80211: Calling CRDA to update world regulatory domain
[    0.147239] Switched to clocksource mxc_timer1
[    0.173783] NET: Registered protocol family 2
[    0.175823] TCP established hash table entries: 1024 (order: 0, 4096 bytes)
[    0.175878] TCP bind hash table entries: 1024 (order: 1, 8192 bytes)
[    0.175929] TCP: Hash tables configured (established 1024 bind 1024)
[    0.176036] TCP: reno registered
[    0.176067] UDP hash table entries: 256 (order: 1, 8192 bytes)
[    0.176122] UDP-Lite hash table entries: 256 (order: 1, 8192 bytes)
[    0.176726] NET: Registered protocol family 1
[    0.179511] ldo2p5-dummy: no parameters
[    0.181796] Bus freq driver module loaded
[    0.183712] futex hash table entries: 256 (order: 2, 16384 bytes)
[    0.200769] jffs2: version 2.2. (NAND) Â© 2001-2006 Red Hat, Inc.
[    0.202566] fuse init (API version 7.22)
[    0.203732] msgmni has been set to 240
[    0.205693] io scheduler noop registered
[    0.205714] io scheduler deadline registered
[    0.205798] io scheduler cfq registered (default)
[    0.206982] imx-weim 21b8000.weim: Driver registered.
[    0.208694] imx-sdma 20ec000.sdma: no event needs to be remapped
[    0.208902] imx-sdma 20ec000.sdma: loaded firmware 3.2
[    0.218077] imx-sdma 20ec000.sdma: initialized
[    0.219994] serial: Freescale lpuart driver
[    0.245951] brd: module loaded
[    0.258197] loop: module loaded
[    0.264357] fsl-quadspi 21e0000.qspi: mx25l12805d (16384 Kbytes)
[    0.264433] 3 cmdlinepart partitions found on MTD device 21e0000.qspi
[    0.264449] Creating 3 MTD partitions on "21e0000.qspi":
[    0.264474] 0x000000000000-0x000000040000 : "uboot"
[    0.267618] 0x000000040000-0x000000380000 : "kernel"
[    0.270505] 0x000000380000-0x000001000000 : "rootfs"
[    0.273251] fsl-quadspi 21e0000.qspi: QuadSPI SPI NOR flash driver
[    0.274225] spi_gpio spi4.15: gpio-miso property not found, switching to no-rx mode
[    0.277346] usbcore: registered new interface driver cdc_ether
[    0.277500] usbcore: registered new interface driver cdc_subset
[    0.277652] usbcore: registered new interface driver zaurus
[    0.277719] ehci_hcd: USB 2.0 'Enhanced' Host Controller (EHCI) Driver
[    0.277733] ehci-mxc: Freescale On-Chip EHCI Host driver
[    0.278154] usbcore: registered new interface driver usb-storage
[    0.282301] setup_reset_gpios:-2, flags 0
[    0.282535] 2184000.usb supply vbus not found, using dummy regulator
[    0.283710] mxs_phy 20c9000.usbphy: config usb vbus valid thresh to: 0, vbus_value: 00100000
[    0.287575] ci_hdrc ci_hdrc.0: Init set fsm->a_vbus_vld = 1
[    0.288233] setup_reset_gpios:-2, flags 0
[    0.288618] 2184200.usb supply vbus not found, using dummy regulator
[    0.289834] mxs_phy 20ca000.usbphy: config usb vbus valid thresh to: 0, vbus_value: 00100000
[    0.290986] [otg_statemachine]  fsm->id = 0
[    0.291002] [otg_set_state]  Set state: a_idle
[    0.291019] [otg_set_protocol]  Changing role fsm->protocol= 0; new protocol= 1
[    0.291043] ci_hdrc ci_hdrc.0: ci_otg_start_host 1
[    0.291082] ci_hdrc ci_hdrc.0: EHCI Host Controller
[    0.291132] ci_hdrc ci_hdrc.0: new USB bus registered, assigned bus number 1
[    0.295745] snvs_pwrkey 20cc000.snvs-pwrkey: can't get snvs clock
[    0.296537] input: 20cc000.snvs-pwrkey as /devices/soc0/soc.1/2000000.aips-bus/20cc000.snvs-pwrkey/input/input0
[    0.296739] snvs_pwrkey 20cc000.snvs-pwrkey: i.MX snvs powerkey probed
[    0.297781] snvs_rtc 20cc034.snvs-rtc-lp: can't get snvs-rtc clock
[    0.298116] check_alarm_past: alarm in the past
[    0.298731] snvs_rtc 20cc034.snvs-rtc-lp: rtc core: registered 20cc034.snvs-rtc-lp as rtc0
[    0.299052] i2c /dev entries driver
[    0.300935] imx2-wdt 20bc000.wdog: IMX2+ Watchdog Timer enabled. timeout=60s (nowayout=0)
[    0.301946] sdhci: Secure Digital Host Controller Interface driver
[    0.301960] sdhci: Copyright(c) Pierre Ossman
[    0.301973] sdhci-pltfm: SDHCI platform and OF driver helper
[    0.303869] sdhci-esdhc-imx 2190000.usdhc: assigned as wifi host
[    0.305140] mmc0: no vqmmc regulator found
[    0.307429] ci_hdrc ci_hdrc.0: USB 2.0 started, EHCI 1.00
[    0.308164] usb usb1: is_b_host:0, config:842e8400, parent:  (null), root_hub=842bf800
[    0.308199] usb usb1: New USB device found, idVendor=1d6b, idProduct=0002
[    0.308223] usb usb1: New USB device strings: Mfr=3, Product=2, SerialNumber=1
[    0.308246] usb usb1: Product: EHCI Host Controller
[    0.308268] usb usb1: Manufacturer: Linux 3.14.52+g94d07bb ehci_hcd
[    0.308287] usb usb1: SerialNumber: ci_hdrc.0
[    0.310087] hub 1-0:1.0: USB hub found
[    0.310198] hub 1-0:1.0: 1 port detected
[    0.311104] [otg_statemachine]  quit statemachine, changed = 1
[    0.311202] [otg_set_state]  Set state: a_wait_vrise
[    0.311244] [otg_statemachine]  quit statemachine, changed = 1
[    0.347317] mmc0: SDHCI controller on 2190000.usdhc [2190000.usdhc] using ADMA
[    0.351731] mmc1: no vqmmc regulator found
[    0.351758] mmc1: no vmmc regulator found
[    0.359192] sdhci-esdhc-imx 2190000.usdhc: card claims to support voltages below defined range 90ffffff
[    0.379408] mmc0: new high speed SDIO card at address 0001
[    0.397361] mmc1: SDHCI controller on 2194000.usdhc [2194000.usdhc] using ADMA
[    0.405554] wm8960 0-001a: Failed to issue reset
[    0.405805] wm8960: probe of 0-001a failed with error -5
[    0.411016] fsl-asrc 2034000.asrc: driver registered
[    0.413282] [otg_set_state]  Set state: a_wait_bcon
[    0.413314] [otg_statemachine]  quit statemachine, changed = 1
[    0.421583] TCP: cubic registered
[    0.423147] NET: Registered protocol family 10
[    0.431057] sit: IPv6 over IPv4 tunneling driver
[    0.449099] NET: Registered protocol family 17
[    0.453539] Bluetooth: RFCOMM TTY layer initialized
[    0.453591] Bluetooth: RFCOMM socket layer initialized
[    0.453649] Bluetooth: RFCOMM ver 1.11
[    0.453678] lib80211: common routines for IEEE802.11 drivers
[    0.453693] lib80211_crypt: registered algorithm 'NULL'
[    0.453706] lib80211_crypt: registered algorithm 'WEP'
[    0.453719] lib80211_crypt: registered algorithm 'CCMP'
[    0.453732] lib80211_crypt: registered algorithm 'TKIP'
[    0.454426] check cpu speed flag: 03
[    0.469019] can-3v3: disabling
[    0.469042] regulator-dummy: disabling
[    0.469838] driver->driver.name = android_usb ret=0
[    0.469862] counting ret = 0 : 2184000.usb
[    0.470104] file system registered
[    0.470953] android_usb gadget: android_usb ready
[    0.471093] snvs_rtc 20cc034.snvs-rtc-lp: setting system clock to 1970-01-01 00:10:17 UTC (617)
[    0.509039] ALSA device list:
[    0.509052]   No soundcards found.
[    1.500625] VFS: Mounted root (jffs2 filesystem) on device 31:2.
[    1.508729] devtmpfs: mounted
[    1.509183] Freeing unused kernel memory: 204K (8058a000 - 805bd000)
[    2.619737] random: nonblocking pool is initialized
[    3.404972] Bluetooth: HCI UART driver ver 2.2.3b3fa69.20191024-161739
[    3.404987] Bluetooth: HCI H4 protocol initialized
[    3.404993] Bluetooth: HCI Realtek H5 protocol initialized
[    3.405000] rtk_btcoex: rtk_btcoex_init: version: 1.2
[    3.405006] rtk_btcoex: create workqueue
[    3.407403] rtk_btcoex: alloc buffers 1408, 2240 for ev and l2
[    4.852371] IPv6: ADDRCONF(NETDEV_UP): wlan0: link is not ready
[    5.946355] android_usb: already disabled
[    5.949680] android_enable_function: iap2
[    5.949697] android_enable_function: ncmandroid_usb gadget: _iap2_bind_config
[    5.949904] ncm_function_bind_config MAC: 00:00:00:00:00:00
[    5.974321] ncm0: MAC c2:8e:30:52:e9:a3
[    5.974334] ncm0: HOST MAC 26:98:d9:34:fd:a1
[    5.999561] ncm0: eth_open
[    5.999584] ncm0: eth_start
[    6.820722] driver->driver.name = zero ret=1
[    6.820738] counting ret = 1 : 2184000.usb
[    6.820745] counting ret = 0 : 2184200.usb
[    6.826941] zero gadget: audio_buf_size 48000, req_buf_size 192, req_count 256
[    6.826984] zero gadget: iPhone, version: Kevin Shi 2020
[    6.826991] zero gadget: iPhone, serial: 41de1cfe2e099bec5932187411378387653dbc63 
[    6.826998] zero gadget: zero ready
[    6.827095] [otg_statemachine]  fsm->id = 1
[    6.827105] [otg_set_state]  Set state: b_idle
[    6.827126] [otg_statemachine]  quit statemachine, changed = 1
[    6.827360] [otg_set_state]  Set state: b_peripheral
[    6.827378] [otg_set_protocol]  Changing role fsm->protocol= 0; new protocol= 2
[    6.827392] ci_hdrc ci_hdrc.1: ci_otg_start_gadget 1
[    6.827425] USBMODE_CI_SDIS disabled!!!
[    6.827451] [otg_statemachine]  quit statemachine, changed = 1
[    6.851525] [otg_statemachine]  OTG_STATE_B_PERIPHERAL:, 0 0 1
[    6.851538] [otg_statemachine]  quit statemachine, changed = 0
[    7.073017] zero gadget: high-speed config #1: ptp
[    7.078156] zero gadget: high-speed config #0: unconfigured
[    7.078338] zero gadget: high-speed config #1: ptp
[    7.079590] zero gadget: iph_ctrlrequest c0.45 v0000 i0000 l3
[    7.079605] zero gadget: unknown class-specific control req c0.45 v0000 i0000 l3
[    7.079613] zero gadget: iph_ctrlrequest value: -95
[    7.083032] zero gadget: set fake iphone charage power 500 mA
[    8.157557] Bluetooth: h5_open
[    8.157572] Bluetooth: hci_uart_register_dev
[    8.166586] rtk_btcoex: Open BTCOEX
[    8.182620] rtk_btcoex: BTCOEX hci_rev 0xaa7b
[    8.182633] rtk_btcoex: BTCOEX lmp_subver 0x9a3a
[   10.467397] Bluetooth: __hci_uart_flush: hdev 85949000 tty 856aca00
[   10.467409] Bluetooth: hci flush sync
[   10.472194] Bluetooth: hci flush sync status 0
[   10.472242] Bluetooth: hci_uart_close: hdev 85949000
[   10.472251] Bluetooth: __hci_uart_flush: hdev 85949000 tty 856aca00
[   10.472260] rtk_btcoex: Close BTCOEX
[   10.472272] rtk_btcoex: -x
[   12.082740] zero gadget: iph_ctrlrequest c0.45 v0000 i0000 l3
[   12.082764] zero gadget: unknown class-specific control req c0.45 v0000 i0000 l3
[   12.082772] zero gadget: iph_ctrlrequest value: -95
[   17.085785] zero gadget: iph_ctrlrequest c0.45 v0000 i0000 l3
[   17.085807] zero gadget: unknown class-specific control req c0.45 v0000 i0000 l3
[   17.085816] zero gadget: iph_ctrlrequest value: -95
[   21.246100] IPv6: ADDRCONF(NETDEV_UP): wlan0: link is not ready
[   21.251051] ncm0: stop stats: rx/tx 0/0, errs 0/0
[   22.090183] zero gadget: iph_ctrlrequest c0.45 v0000 i0000 l3
[   22.090205] zero gadget: unknown class-specific control req c0.45 v0000 i0000 l3
[   22.090213] zero gadget: iph_ctrlrequest value: -95
[   22.590111] IPv6: ADDRCONF(NETDEV_CHANGE): wlan0: link becomes ready
[   27.093877] zero gadget: iph_ctrlrequest c0.45 v0000 i0000 l3
[   27.093901] zero gadget: unknown class-specific control req c0.45 v0000 i0000 l3
[   27.093909] zero gadget: iph_ctrlrequest value: -95
[   32.096323] zero gadget: iph_ctrlrequest c0.45 v0000 i0000 l3
[   32.096346] zero gadget: unknown class-specific control req c0.45 v0000 i0000 l3
[   32.096354] zero gadget: iph_ctrlrequest value: -95
[   37.099893] zero gadget: iph_ctrlrequest c0.45 v0000 i0000 l3
[   37.099914] zero gadget: unknown class-specific control req c0.45 v0000 i0000 l3
[   37.099924] zero gadget: iph_ctrlrequest value: -95
[   42.104370] zero gadget: iph_ctrlrequest c0.45 v0000 i0000 l3
[   42.104394] zero gadget: unknown class-specific control req c0.45 v0000 i0000 l3
[   42.104403] zero gadget: iph_ctrlrequest value: -95
[   47.104949] zero gadget: iph_ctrlrequest c0.45 v0000 i0000 l3
[   47.104972] zero gadget: unknown class-specific control req c0.45 v0000 i0000 l3
[   47.104981] zero gadget: iph_ctrlrequest value: -95
[   52.112568] zero gadget: iph_ctrlrequest c0.45 v0000 i0000 l3
[   52.112591] zero gadget: unknown class-specific control req c0.45 v0000 i0000 l3
[   52.112600] zero gadget: iph_ctrlrequest value: -95
[   57.112966] zero gadget: iph_ctrlrequest c0.45 v0000 i0000 l3
[   57.112989] zero gadget: unknown class-specific control req c0.45 v0000 i0000 l3
[   57.112998] zero gadget: iph_ctrlrequest value: -95
[   62.117859] zero gadget: iph_ctrlrequest c0.45 v0000 i0000 l3
[   62.117882] zero gadget: unknown class-specific control req c0.45 v0000 i0000 l3
[   62.117891] zero gadget: iph_ctrlrequest value: -95
[   67.119592] zero gadget: iph_ctrlrequest c0.45 v0000 i0000 l3
[   67.119615] zero gadget: unknown class-specific control req c0.45 v0000 i0000 l3
[   67.119624] zero gadget: iph_ctrlrequest value: -95
[   72.120525] zero gadget: iph_ctrlrequest c0.45 v0000 i0000 l3
[   72.120548] zero gadget: unknown class-specific control req c0.45 v0000 i0000 l3
[   72.120557] zero gadget: iph_ctrlrequest value: -95
[   77.125434] zero gadget: iph_ctrlrequest c0.45 v0000 i0000 l3
[   77.125456] zero gadget: unknown class-specific control req c0.45 v0000 i0000 l3
[   77.125467] zero gadget: iph_ctrlrequest value: -95
[   82.129090] zero gadget: iph_ctrlrequest c0.45 v0000 i0000 l3
[   82.129113] zero gadget: unknown class-specific control req c0.45 v0000 i0000 l3
[   82.129122] zero gadget: iph_ctrlrequest value: -95
[   87.132893] zero gadget: iph_ctrlrequest c0.45 v0000 i0000 l3
[   87.132917] zero gadget: unknown class-specific control req c0.45 v0000 i0000 l3
[   87.132925] zero gadget: iph_ctrlrequest value: -95
[   92.135806] zero gadget: iph_ctrlrequest c0.45 v0000 i0000 l3
[   92.135827] zero gadget: unknown class-specific control req c0.45 v0000 i0000 l3
[   92.135835] zero gadget: iph_ctrlrequest value: -95
[   97.140577] zero gadget: iph_ctrlrequest c0.45 v0000 i0000 l3
[   97.140598] zero gadget: unknown class-specific control req c0.45 v0000 i0000 l3
[   97.140608] zero gadget: iph_ctrlrequest value: -95
[  102.145335] zero gadget: iph_ctrlrequest c0.45 v0000 i0000 l3
[  102.145357] zero gadget: unknown class-specific control req c0.45 v0000 i0000 l3
[  102.145366] zero gadget: iph_ctrlrequest value: -95
[  107.150468] zero gadget: iph_ctrlrequest c0.45 v0000 i0000 l3
[  107.150490] zero gadget: unknown class-specific control req c0.45 v0000 i0000 l3
[  107.150499] zero gadget: iph_ctrlrequest value: -95
[  112.154552] zero gadget: iph_ctrlrequest c0.45 v0000 i0000 l3
[  112.154575] zero gadget: unknown class-specific control req c0.45 v0000 i0000 l3
[  112.154584] zero gadget: iph_ctrlrequest value: -95
[  117.158435] zero gadget: iph_ctrlrequest c0.45 v0000 i0000 l3
[  117.158456] zero gadget: unknown class-specific control req c0.45 v0000 i0000 l3
[  117.158465] zero gadget: iph_ctrlrequest value: -95
[  122.163381] zero gadget: iph_ctrlrequest c0.45 v0000 i0000 l3
[  122.163403] zero gadget: unknown class-specific control req c0.45 v0000 i0000 l3
[  122.163411] zero gadget: iph_ctrlrequest value: -95
[  122.164043] zero gadget: high-speed config #0: unconfigured
[  127.167917] zero gadget: high-speed config #1: ptp
[  127.167997] zero gadget: iph_ctrlrequest c0.45 v0000 i0000 l3
[  127.168014] zero gadget: unknown class-specific control req c0.45 v0000 i0000 l3
[  127.168022] zero gadget: iph_ctrlrequest value: -95
[  132.171276] zero gadget: iph_ctrlrequest c0.45 v0000 i0000 l3
[  132.171299] zero gadget: unknown class-specific control req c0.45 v0000 i0000 l3
[  132.171307] zero gadget: iph_ctrlrequest value: -95
[  134.352521] [otg_set_state]  Set state: a_host
[  134.352546] [otg_statemachine]  quit statemachine, changed = 1
[  134.577423] usb 1-1: new high-speed USB device number 2 using ci_hdrc
[  134.608955] usb 1-1: is_b_host:0, config:856e8600, parent:842bf800, root_hub=842bf800
[  134.608977] usb 1-1: New USB device found, idVendor=0781, idProduct=5571
[  134.608989] usb 1-1: New USB device strings: Mfr=1, Product=2, SerialNumber=3
[  134.608999] usb 1-1: Product: Cruzer Fit
[  134.609009] usb 1-1: Manufacturer: SanDisk
[  134.609019] usb 1-1: SerialNumber: 4C530101171211112172
[  134.613754] usb-storage 1-1:1.0: USB Mass Storage device detected
[  134.622810] scsi0 : usb-storage 1-1:1.0
[  135.628941] scsi 0:0:0:0: Direct-Access     SanDisk  Cruzer Fit       1.27 PQ: 0 ANSI: 6
[  135.645796] sd 0:0:0:0: [sda] 125031680 512-byte logical blocks: (64.0 GB/59.6 GiB)
[  135.647450] sd 0:0:0:0: [sda] Write Protect is off
[  135.647471] sd 0:0:0:0: [sda] Mode Sense: 43 00 00 00
[  135.648275] sd 0:0:0:0: [sda] Write cache: disabled, read cache: enabled, doesn't support DPO or FUA
[  135.678455]  sda: sda1
[  135.690533] sd 0:0:0:0: [sda] Attached SCSI removable disk
[  135.763408] FAT-fs (sda1): Volume was not properly unmounted. Some data may be corrupt. Please run fsck.
[  137.175504] zero gadget: iph_ctrlrequest c0.45 v0000 i0000 l3
[  137.175527] zero gadget: unknown class-specific control req c0.45 v0000 i0000 l3
[  137.175535] zero gadget: iph_ctrlrequest value: -95
[  140.655876] sh (303): /proc/111/oom_adj is deprecated, please use /proc/111/oom_score_adj instead.
[  142.178333] zero gadget: iph_ctrlrequest c0.45 v0000 i0000 l3
[  142.178354] zero gadget: unknown class-specific control req c0.45 v0000 i0000 l3
[  142.178364] zero gadget: iph_ctrlrequest value: -95
[  147.181213] zero gadget: iph_ctrlrequest c0.45 v0000 i0000 l3
[  147.181235] zero gadget: unknown class-specific control req c0.45 v0000 i0000 l3
[  147.181244] zero gadget: iph_ctrlrequest value: -95
[  152.185905] zero gadget: iph_ctrlrequest c0.45 v0000 i0000 l3
[  152.185929] zero gadget: unknown class-specific control req c0.45 v0000 i0000 l3
[  152.185937] zero gadget: iph_ctrlrequest value: -95
[  157.191406] zero gadget: iph_ctrlrequest c0.45 v0000 i0000 l3
[  157.191426] zero gadget: unknown class-specific control req c0.45 v0000 i0000 l3
[  157.191435] zero gadget: iph_ctrlrequest value: -95
[  162.194819] zero gadget: iph_ctrlrequest c0.45 v0000 i0000 l3
[  162.194842] zero gadget: unknown class-specific control req c0.45 v0000 i0000 l3
[  162.194852] zero gadget: iph_ctrlrequest value: -95
[  167.197263] zero gadget: iph_ctrlrequest c0.45 v0000 i0000 l3
[  167.197286] zero gadget: unknown class-specific control req c0.45 v0000 i0000 l3
[  167.197295] zero gadget: iph_ctrlrequest value: -95
[  172.201270] zero gadget: iph_ctrlrequest c0.45 v0000 i0000 l3
[  172.201292] zero gadget: unknown class-specific control req c0.45 v0000 i0000 l3
[  172.201301] zero gadget: iph_ctrlrequest value: -95
[  177.202745] zero gadget: iph_ctrlrequest c0.45 v0000 i0000 l3
[  177.202765] zero gadget: unknown class-specific control req c0.45 v0000 i0000 l3
[  177.202776] zero gadget: iph_ctrlrequest value: -95
[  182.205752] zero gadget: iph_ctrlrequest c0.45 v0000 i0000 l3
[  182.205774] zero gadget: unknown class-specific control req c0.45 v0000 i0000 l3
[  182.205783] zero gadget: iph_ctrlrequest value: -95
[  187.207955] zero gadget: iph_ctrlrequest c0.45 v0000 i0000 l3
[  187.207978] zero gadget: unknown class-specific control req c0.45 v0000 i0000 l3
[  187.207987] zero gadget: iph_ctrlrequest value: -95
[  192.209882] zero gadget: iph_ctrlrequest c0.45 v0000 i0000 l3
[  192.209905] zero gadget: unknown class-specific control req c0.45 v0000 i0000 l3
[  192.209913] zero gadget: iph_ctrlrequest value: -95
[  197.215447] zero gadget: iph_ctrlrequest c0.45 v0000 i0000 l3
[  197.215469] zero gadget: unknown class-specific control req c0.45 v0000 i0000 l3
[  197.215478] zero gadget: iph_ctrlrequest value: -95
[  202.216171] zero gadget: iph_ctrlrequest c0.45 v0000 i0000 l3
[  202.216194] zero gadget: unknown class-specific control req c0.45 v0000 i0000 l3
[  202.216203] zero gadget: iph_ctrlrequest value: -95
[  207.217472] zero gadget: iph_ctrlrequest c0.45 v0000 i0000 l3
[  207.217495] zero gadget: unknown class-specific control req c0.45 v0000 i0000 l3
[  207.217505] zero gadget: iph_ctrlrequest value: -95
[  212.222414] zero gadget: iph_ctrlrequest c0.45 v0000 i0000 l3
[  212.222437] zero gadget: unknown class-specific control req c0.45 v0000 i0000 l3
[  212.222446] zero gadget: iph_ctrlrequest value: -95
[  217.224123] zero gadget: iph_ctrlrequest c0.45 v0000 i0000 l3
[  217.224146] zero gadget: unknown class-specific control req c0.45 v0000 i0000 l3
[  217.224155] zero gadget: iph_ctrlrequest value: -95
[  222.226849] zero gadget: iph_ctrlrequest c0.45 v0000 i0000 l3
[  222.226871] zero gadget: unknown class-specific control req c0.45 v0000 i0000 l3
[  222.226881] zero gadget: iph_ctrlrequest value: -95
[  227.231364] zero gadget: iph_ctrlrequest c0.45 v0000 i0000 l3
[  227.231387] zero gadget: unknown class-specific control req c0.45 v0000 i0000 l3
[  227.231396] zero gadget: iph_ctrlrequest value: -95
[  232.233831] zero gadget: iph_ctrlrequest c0.45 v0000 i0000 l3
[  232.233854] zero gadget: unknown class-specific control req c0.45 v0000 i0000 l3
[  232.233863] zero gadget: iph_ctrlrequest value: -95
[  237.236921] zero gadget: iph_ctrlrequest c0.45 v0000 i0000 l3
[  237.236944] zero gadget: unknown class-specific control req c0.45 v0000 i0000 l3
[  237.236953] zero gadget: iph_ctrlrequest value: -95
[  242.240803] zero gadget: iph_ctrlrequest c0.45 v0000 i0000 l3
[  242.240825] zero gadget: unknown class-specific control req c0.45 v0000 i0000 l3
[  242.240835] zero gadget: iph_ctrlrequest value: -95
[  247.244834] zero gadget: iph_ctrlrequest c0.45 v0000 i0000 l3
[  247.244858] zero gadget: unknown class-specific control req c0.45 v0000 i0000 l3
[  247.244867] zero gadget: iph_ctrlrequest value: -95
[  252.247429] zero gadget: iph_ctrlrequest c0.45 v0000 i0000 l3
[  252.247453] zero gadget: unknown class-specific control req c0.45 v0000 i0000 l3
[  252.247461] zero gadget: iph_ctrlrequest value: -95
[  257.252081] zero gadget: iph_ctrlrequest c0.45 v0000 i0000 l3
[  257.252104] zero gadget: unknown class-specific control req c0.45 v0000 i0000 l3
[  257.252113] zero gadget: iph_ctrlrequest value: -95
[  262.257238] zero gadget: iph_ctrlrequest c0.45 v0000 i0000 l3
[  262.257260] zero gadget: unknown class-specific control req c0.45 v0000 i0000 l3
[  262.257269] zero gadget: iph_ctrlrequest value: -95
[  267.262041] zero gadget: iph_ctrlrequest c0.45 v0000 i0000 l3
[  267.262063] zero gadget: unknown class-specific control req c0.45 v0000 i0000 l3
[  267.262072] zero gadget: iph_ctrlrequest value: -95
[  272.266652] zero gadget: iph_ctrlrequest c0.45 v0000 i0000 l3
[  272.266675] zero gadget: unknown class-specific control req c0.45 v0000 i0000 l3
[  272.266684] zero gadget: iph_ctrlrequest value: -95
[  277.268605] zero gadget: iph_ctrlrequest c0.45 v0000 i0000 l3
[  277.268628] zero gadget: unknown class-specific control req c0.45 v0000 i0000 l3
[  277.268637] zero gadget: iph_ctrlrequest value: -95
[  282.270237] zero gadget: iph_ctrlrequest c0.45 v0000 i0000 l3
[  282.270258] zero gadget: unknown class-specific control req c0.45 v0000 i0000 l3
[  282.270268] zero gadget: iph_ctrlrequest value: -95
[  285.944623] [otg_set_state]  Set state: a_wait_bcon
[  285.944650] [otg_statemachine]  quit statemachine, changed = 1
[  285.944824] usb 1-1: USB disconnect, device number 2
