Save last log when reboot
Filesystem                Size      Used Available Use% Mounted on
/dev/root                10.0M      9.7M    312.0K  97% /
devtmpfs                 43.2M         0     43.2M   0% /dev
tmpfs                    59.3M      4.8M     54.5M   8% /tmp
MemTotal:         121380 kB
MemFree:           94744 kB
MemAvailable:      99592 kB
Buffers:               0 kB
Cached:            12732 kB
SwapCached:            0 kB
Active:             8780 kB
Inactive:           9888 kB
Active(anon):       6632 kB
Inactive(anon):     4208 kB
Active(file):       2148 kB
Inactive(file):     5680 kB
Unevictable:           0 kB
Mlocked:               0 kB
HighTotal:             0 kB
HighFree:              0 kB
LowTotal:         121380 kB
LowFree:           94744 kB
SwapTotal:             0 kB
SwapFree:              0 kB
Dirty:                 0 kB
Writeback:             0 kB
AnonPages:          5928 kB
Mapped:             2116 kB
Shmem:              4912 kB
Slab:               4852 kB
SReclaimable:       1508 kB
SUnreclaim:         3344 kB
KernelStack:         432 kB
PageTables:          128 kB
NFS_Unstable:          0 kB
Bounce:                0 kB
WritebackTmp:          0 kB
CommitLimit:       60688 kB
Committed_AS:      21592 kB
VmallocTotal:    1941504 kB
VmallocUsed:        8400 kB
VmallocChunk:    1719048 kB
S   UID   PID  PPID   VSZ   RSS TTY   STIME TIME     CMD
S     0     1     0  2168   392 0:0   23:59 00:00:02 init
S     0     2     0     0     0 0:0   23:59 00:00:00 [kthreadd]
S     0     3     2     0     0 0:0   23:59 00:00:00 [ksoftirqd/0]
S     0     4     2     0     0 0:0   23:59 00:00:00 [kworker/0:0]
S     0     5     2     0     0 0:0   23:59 00:00:00 [kworker/0:0H]
S     0     6     2     0     0 0:0   23:59 00:00:00 [kworker/u2:0]
S     0     7     2     0     0 0:0   23:59 00:00:01 [rcu_preempt]
S     0     8     2     0     0 0:0   23:59 00:00:00 [rcu_sched]
S     0     9     2     0     0 0:0   23:59 00:00:00 [rcu_bh]
S     0    10     2     0     0 0:0   23:59 00:00:00 [migration/0]
S     0    11     2     0     0 0:0   23:59 00:00:00 [khelper]
S     0    12     2     0     0 0:0   23:59 00:00:00 [kdevtmpfs]
S     0    13     2     0     0 0:0   23:59 00:00:00 [writeback]
S     0    14     2     0     0 0:0   23:59 00:00:00 [bioset]
S     0    15     2     0     0 0:0   23:59 00:00:00 [crypto]
S     0    16     2     0     0 0:0   23:59 00:00:00 [kblockd]
S     0    17     2     0     0 0:0   23:59 00:00:00 [ata_sff]
D     0    18     2     0     0 0:0   23:59 00:00:00 [khubd]
S     0    19     2     0     0 0:0   23:59 00:00:00 [kworker/u2:1]
S     0    26     2     0     0 0:0   23:59 00:00:00 [kworker/0:1]
S     0    27     2     0     0 0:0   23:59 00:00:00 [cfg80211]
S     0    28     2     0     0 0:0   23:59 00:00:00 [cfinteractive]
S     0    29     2     0     0 0:0   23:59 00:00:00 [kswapd0]
S     0    30     2     0     0 0:0   23:59 00:00:00 [fsnotify_mark]
S     0    39     2     0     0 0:0   23:59 00:00:00 [spi32766]
S     0    42     2     0     0 0:0   23:59 00:00:00 [ci_otg]
S     0    43     2     0     0 0:0   23:59 00:00:00 [ci_otg]
S     0    44     2     0     0 0:0   23:59 00:00:00 [kworker/u2:2]
S     0    45     2     0     0 0:0   23:59 00:00:00 [btfwwork]
S     0    46     2     0     0 0:0   23:59 00:00:00 [kworker/u2:3]
S     0    47     2     0     0 0:0   23:59 00:00:00 [ipv6_addrconf]
S     0    48     2     0     0 0:0   23:59 00:00:00 [krfcommd]
S     0    49     2     0     0 0:0   23:59 00:00:00 [deferwq]
S     0    50     2     0     0 0:0   23:59 00:00:00 [irq/81-imx_ther]
S     0    51     2     0     0 0:0   23:59 00:00:00 [ksdioirqd/mmc0]
S     0    52     2     0     0 0:0   23:59 00:00:11 [jffs2_gcd_mtd2]
S     0    62     1  2168    40 0:0   23:59 00:00:00 init
S     0    85     1 19424  6752 0:0   00:00 00:00:34 ./fakeiOSDevice
S     0   101     1  2236   540 0:0   00:00 00:00:00 boa
D     0   112     2     0     0 0:0   00:00 00:00:00 [RTW_XMIT_THREAD]
D     0   113     2     0     0 0:0   00:00 00:00:00 [RTW_RECV_THREAD]
D     0   114     2     0     0 0:0   00:00 00:00:01 [RTW_CMD_THREAD]
D     0   115     2     0     0 0:0   00:00 00:00:00 [RTWHALXT]
S     0   123     1  2352   512 0:0   00:00 00:00:00 hostapd /etc/hostapd.conf
S     0   130     1  2168   252 0:0   00:00 00:00:00 udhcpd
S     0   137     2     0     0 0:0   00:01 00:00:00 [kworker/0:2]
S     0   158     2     0     0 0:0   00:01 00:00:00 [kworker/0:1H]
S     0  1085     1  2168   260 0:0   00:03 00:00:00 /bin/sh /script/after_shu
R     0  1089  1085  2172   260 0:0   00:03 00:00:00 ps -l
[    0.000000] Booting Linux on physical CPU 0x0
[    0.000000] Linux version 3.14.52+g94d07bb (haiguangyin@ubuntu) (gcc version 5.4.0 20160609 (Ubuntu/Linaro 5.4.0-6ubuntu1~16.04.9) ) #69 SMP PREEMPT Fri Jun 26 14:43:25 CST 2020
[    0.000000] CPU: ARMv7 Processor [410fc075] revision 5 (ARMv7), cr=10c53c7d
[    0.000000] CPU: PIPT / VIPT nonaliasing data cache, VIPT aliasing instruction cache
[    0.000000] Machine model: Freescale i.MX6 UltraLite 14x14 EVK Board
[    0.000000] cma: CMA: reserved 32 MiB at 84000000
[    0.000000] Memory policy: Data cache writealloc
[    0.000000] On node 0 totalpages: 32768
[    0.000000] free_area_init_node: node 0, pgdat 807fba80, node_mem_map 87ee7000
[    0.000000]   Normal zone: 256 pages used for memmap
[    0.000000]   Normal zone: 0 pages reserved
[    0.000000]   Normal zone: 32768 pages, LIFO batch:7
[    0.000000] PERCPU: Embedded 8 pages/cpu @87ed2000 s8256 r8192 d16320 u32768
[    0.000000] pcpu-alloc: s8256 r8192 d16320 u32768 alloc=8*4096
[    0.000000] pcpu-alloc: [0] 0 
[    0.000000] Built 1 zonelists in Zone order, mobility grouping off.  Total pages: 32512
[    0.000000] Kernel command line: root=/dev/mtdblock2 rootfstype=jffs2 mtdparts=21e0000.qspi:256k(uboot),5888K(kernel),10240K(rootfs) rootwait quiet rw
[    0.000000] PID hash table entries: 512 (order: -1, 2048 bytes)
[    0.000000] Dentry cache hash table entries: 16384 (order: 4, 65536 bytes)
[    0.000000] Inode-cache hash table entries: 8192 (order: 3, 32768 bytes)
[    0.000000] Memory: 88404K/131072K available (5397K kernel code, 906K rwdata, 1628K rodata, 208K init, 398K bss, 42668K reserved, 0K highmem)
[    0.000000] Virtual kernel memory layout:
[    0.000000]     vector  : 0xffff0000 - 0xffff1000   (   4 kB)
[    0.000000]     fixmap  : 0xfff00000 - 0xfffe0000   ( 896 kB)
[    0.000000]     vmalloc : 0x88800000 - 0xff000000   (1896 MB)
[    0.000000]     lowmem  : 0x80000000 - 0x88000000   ( 128 MB)
[    0.000000]     pkmap   : 0x7fe00000 - 0x80000000   (   2 MB)
[    0.000000]     modules : 0x7f000000 - 0x7fe00000   (  14 MB)
[    0.000000]       .text : 0x80008000 - 0x806e48f0   (7027 kB)
[    0.000000]       .init : 0x806e5000 - 0x80719040   ( 209 kB)
[    0.000000]       .data : 0x8071a000 - 0x807fca80   ( 907 kB)
[    0.000000]        .bss : 0x807fca8c - 0x808602cc   ( 399 kB)
[    0.000000] SLUB: HWalign=64, Order=0-3, MinObjects=0, CPUs=1, Nodes=1
[    0.000000] Preemptible hierarchical RCU implementation.
[    0.000000] 	RCU restricting CPUs from NR_CPUS=4 to nr_cpu_ids=1.
[    0.000000] RCU: Adjusting geometry for rcu_fanout_leaf=16, nr_cpu_ids=1
[    0.000000] NR_IRQS:16 nr_irqs:16 16
[    0.000000] Switching to timer-based delay loop
[    0.000024] sched_clock: 32 bits at 3000kHz, resolution 333ns, wraps every 1431655765682ns
[    0.001534] clocksource_of_init: no matching clocksources found
[    0.001898] Console: colour dummy device 80x30
[    0.002031] console [tty0] enabled
[    0.002067] Calibrating delay loop (skipped), value calculated using timer frequency.. 6.00 BogoMIPS (lpj=30000)
[    0.002098] pid_max: default: 32768 minimum: 301
[    0.002504] Mount-cache hash table entries: 1024 (order: 0, 4096 bytes)
[    0.002529] Mountpoint-cache hash table entries: 1024 (order: 0, 4096 bytes)
[    0.004253] CPU: Testing write buffer coherency: ok
[    0.004803] CPU0: update cpu_power 1024
[    0.004829] CPU0: thread -1, cpu 0, socket 0, mpidr 80000000
[    0.004885] Setting up static identity map for 0x80523da8 - 0x80523e00
[    0.040851] Brought up 1 CPUs
[    0.040877] SMP: Total of 1 processors activated (6.00 BogoMIPS).
[    0.040890] CPU: All CPU(s) started in SVC mode.
[    0.042349] devtmpfs: initialized
[    0.054355] VFP support v0.3: implementor 41 architecture 2 part 30 variant 7 rev 5
[    0.055148] pinctrl core: initialized pinctrl subsystem
[    0.056022] regulator-dummy: no parameters
[    0.059230] NET: Registered protocol family 16
[    0.077283] DMA: preallocated 256 KiB pool for atomic coherent allocations
[    0.078755] cpuidle: using governor ladder
[    0.078774] cpuidle: using governor menu
[    0.079155] Use WDOG1 as reset source
[    0.099634] syscon 20c8000.anatop: regmap [mem 0x020c8000-0x020c8fff] registered
[    0.100359] vdd3p0: 2625 <--> 3400 mV at 3000 mV 
[    0.101458] cpu: 725 <--> 1450 mV at 1150 mV 
[    0.102405] vddsoc: 725 <--> 1450 mV at 1175 mV 
[    0.107874] syscon 20e4000.iomuxc-gpr: regmap [mem 0x020e4000-0x020e7fff] registered
[    0.114852] syscon 21ac000.romcp: regmap [mem 0x021ac000-0x021affff] registered
[    0.116753] syscon 21bc000.ocotp-ctrl: regmap [mem 0x021bc000-0x021bffff] registered
[    0.123565] hw-breakpoint: found 5 (+1 reserved) breakpoint and 4 watchpoint registers.
[    0.123588] hw-breakpoint: maximum watchpoint size is 8 bytes.
[    0.124684] imx6ul-pinctrl 20e0000.iomuxc: initialized IMX pinctrl driver
[    0.126850] 20dc000.gpc supply pu not found, using dummy regulator
[    0.240952] bio: create slab <bio-0> at 0
[    0.248376] mxs-dma 1804000.dma-apbh: initialized
[    0.249342] can-3v3: 3300 mV 
[    0.250051] wlreg_on: 3300 mV 
[    0.250978] 2020000.serial: ttymxc0 at MMIO 0x2020000 (irq = 58, base_baud = 5000000) is a IMX
[    0.252882] 21e8000.serial: ttymxc1 at MMIO 0x21e8000 (irq = 59, base_baud = 5000000) is a IMX
[    0.254077] 21ec000.serial: ttymxc2 at MMIO 0x21ec000 (irq = 60, base_baud = 5000000) is a IMX
[    0.255758] SCSI subsystem initialized
[    0.256241] libata version 3.00 loaded.
[    0.256706] usbcore: registered new interface driver usbfs
[    0.256880] usbcore: registered new interface driver hub
[    0.257202] usbcore: registered new device driver usb
[    0.262199] i2c i2c-0: IMX I2C adapter registered
[    0.262955] i2c i2c-1: IMX I2C adapter registered
[    0.263927] Advanced Linux Sound Architecture Driver Initialized.
[    0.266060] Bluetooth: Core ver 2.18
[    0.266177] NET: Registered protocol family 31
[    0.266189] Bluetooth: HCI device and connection manager initialized
[    0.266225] Bluetooth: HCI socket layer initialized
[    0.266252] Bluetooth: L2CAP socket layer initialized
[    0.266332] Bluetooth: SCO socket layer initialized
[    0.267276] cfg80211: Calling CRDA to update world regulatory domain
[    0.268060] Switched to clocksource mxc_timer1
[    0.295048] NET: Registered protocol family 2
[    0.297265] TCP established hash table entries: 1024 (order: 0, 4096 bytes)
[    0.297328] TCP bind hash table entries: 1024 (order: 1, 8192 bytes)
[    0.297383] TCP: Hash tables configured (established 1024 bind 1024)
[    0.297488] TCP: reno registered
[    0.297519] UDP hash table entries: 256 (order: 1, 8192 bytes)
[    0.297573] UDP-Lite hash table entries: 256 (order: 1, 8192 bytes)
[    0.298455] NET: Registered protocol family 1
[    0.301147] ldo2p5-dummy: no parameters
[    0.303346] Bus freq driver module loaded
[    0.305306] futex hash table entries: 256 (order: 2, 16384 bytes)
[    0.326954] jffs2: version 2.2. (NAND) Â© 2001-2006 Red Hat, Inc.
[    0.329078] fuse init (API version 7.22)
[    0.330335] msgmni has been set to 236
[    0.332498] io scheduler noop registered
[    0.332519] io scheduler deadline registered
[    0.332612] io scheduler cfq registered (default)
[    0.333787] imx-weim 21b8000.weim: Driver registered.
[    0.340038] imx-sdma 20ec000.sdma: no event needs to be remapped
[    0.340246] imx-sdma 20ec000.sdma: loaded firmware 3.2
[    0.349134] imx-sdma 20ec000.sdma: initialized
[    0.350432] serial: Freescale lpuart driver
[    0.377348] brd: module loaded
[    0.390319] loop: module loaded
[    0.396400] fsl-quadspi 21e0000.qspi: mx25l12805d (16384 Kbytes)
[    0.396453] 3 cmdlinepart partitions found on MTD device 21e0000.qspi
[    0.396468] Creating 3 MTD partitions on "21e0000.qspi":
[    0.396495] 0x000000000000-0x000000040000 : "uboot"
[    0.399688] 0x000000040000-0x000000600000 : "kernel"
[    0.402449] 0x000000600000-0x000001000000 : "rootfs"
[    0.405335] fsl-quadspi 21e0000.qspi: QuadSPI SPI NOR flash driver
[    0.406259] spi_gpio spi4.14: gpio-miso property not found, switching to no-rx mode
[    0.409673] usbcore: registered new interface driver cdc_ether
[    0.409816] usbcore: registered new interface driver cdc_subset
[    0.409942] usbcore: registered new interface driver zaurus
[    0.410011] ehci_hcd: USB 2.0 'Enhanced' Host Controller (EHCI) Driver
[    0.410025] ehci-mxc: Freescale On-Chip EHCI Host driver
[    0.410480] usbcore: registered new interface driver usb-storage
[    0.410618] usbcore: registered new interface driver usb_ehset_test
[    0.414645] setup_reset_gpios:-2, flags 0
[    0.414794] imx_usb 2184000.usb: pinctrl_hsic_idle lookup failed, err=-19
[    0.414818] imx_usb 2184000.usb: pinctrl_hsic_active lookup failed, err=-19
[    0.414928] 2184000.usb supply vbus not found, using dummy regulator
[    0.415554] ci_hdrc ci_hdrc.0: ChipIdea HDRC found, revision: 25, lpm: 0; cap: 8881e100 op: 8881e140
[    0.416159] mxs_phy 20c9000.usbphy: config usb vbus valid thresh to: 0, vbus_value: 00100000
[    0.418780] ci_hdrc ci_hdrc.0: It is OTG capable controller
[    0.420151] ci_hdrc ci_hdrc.0: Init set fsm->a_vbus_vld = 1
[    0.420275] ci_hdrc ci_hdrc.0: at ci_runtime_suspend
[    0.420721] ci_hdrc ci_hdrc.0: at ci_controller_resume
[    0.421118] setup_reset_gpios:-2, flags 0
[    0.421427] imx_usb 2184200.usb: pinctrl_hsic_idle lookup failed, err=-19
[    0.421453] imx_usb 2184200.usb: pinctrl_hsic_active lookup failed, err=-19
[    0.421551] 2184200.usb supply vbus not found, using dummy regulator
[    0.422239] ci_hdrc ci_hdrc.1: ChipIdea HDRC found, revision: 25, lpm: 0; cap: 88846300 op: 88846340
[    0.422811] mxs_phy 20ca000.usbphy: config usb vbus valid thresh to: 0, vbus_value: 00100000
[    0.423839] [otg_statemachine]  fsm->id = 0
[    0.423855] [otg_set_state]  Set state: a_idle
[    0.423876] [otg_set_protocol]  Changing role fsm->protocol= 0; new protocol= 1
[    0.423900] ci_hdrc ci_hdrc.0: ci_otg_start_host 1
[    0.423956] ci_hdrc ci_hdrc.0: EHCI Host Controller
[    0.424029] ci_hdrc ci_hdrc.0: new USB bus registered, assigned bus number 1
[    0.425443] ci_hdrc ci_hdrc.1: It is OTG capable controller
[    0.429302] snvs_pwrkey 20cc000.snvs-pwrkey: can't get snvs clock
[    0.430128] input: 20cc000.snvs-pwrkey as /devices/soc0/soc.1/2000000.aips-bus/20cc000.snvs-pwrkey/input/input0
[    0.430318] snvs_pwrkey 20cc000.snvs-pwrkey: i.MX snvs powerkey probed
[    0.430998] snvs_rtc 20cc034.snvs-rtc-lp: can't get snvs-rtc clock
[    0.431358] check_alarm_past: alarm in the past
[    0.432196] snvs_rtc 20cc034.snvs-rtc-lp: rtc core: registered 20cc034.snvs-rtc-lp as rtc0
[    0.432518] i2c /dev entries driver
[    0.434510] imx2-wdt 20bc000.wdog: IMX2+ Watchdog Timer enabled. timeout=60s (nowayout=0)
[    0.434970] Bluetooth: HCI UART driver ver 2.2.3b3fa69.20191024-161739
[    0.434986] Bluetooth: HCI H4 protocol initialized
[    0.434999] Bluetooth: HCI Realtek H5 protocol initialized
[    0.435014] rtk_btcoex: rtk_btcoex_init: version: 1.2
[    0.435024] rtk_btcoex: create workqueue
[    0.435369] rtk_btcoex: alloc buffers 1408, 2240 for ev and l2
[    0.436017] sdhci: Secure Digital Host Controller Interface driver
[    0.436030] sdhci: Copyright(c) Pierre Ossman
[    0.436041] sdhci-pltfm: SDHCI platform and OF driver helper
[    0.438262] ci_hdrc ci_hdrc.0: USB 2.0 started, EHCI 1.00
[    0.438981] usb usb1: is_b_host:0, config:822a4800, parent:  (null), root_hub=8228dc00
[    0.439015] usb usb1: New USB device found, idVendor=1d6b, idProduct=0002
[    0.439041] usb usb1: New USB device strings: Mfr=3, Product=2, SerialNumber=1
[    0.439062] usb usb1: Product: EHCI Host Controller
[    0.439084] usb usb1: Manufacturer: Linux 3.14.52+g94d07bb ehci_hcd
[    0.439105] usb usb1: SerialNumber: ci_hdrc.0
[    0.440942] hub 1-0:1.0: USB hub found
[    0.441053] hub 1-0:1.0: 1 port detected
[    0.441959] [otg_statemachine]  quit statemachine, changed = 1
[    0.443252] mmc0: no vqmmc regulator found
[    0.444929] [otg_set_state]  Set state: a_wait_vrise
[    0.444969] [otg_statemachine]  quit statemachine, changed = 1
[    0.488119] mmc0: SDHCI controller on 2190000.usdhc [2190000.usdhc] using ADMA
[    0.496853] mmc1: no vqmmc regulator found
[    0.496880] mmc1: no vmmc regulator found
[    0.498583] sdhci-esdhc-imx 2190000.usdhc: card claims to support voltages below defined range 90ffffff
[    0.516501] mmc0: new high speed SDIO card at address 0001
[    0.538226] mmc1: SDHCI controller on 2194000.usdhc [2194000.usdhc] using ADMA
[    0.548977] [otg_set_state]  Set state: a_wait_bcon
[    0.549017] [otg_statemachine]  quit statemachine, changed = 1
[    0.549413] wm8960 0-001a: Failed to issue reset
[    0.558641] wm8960: probe of 0-001a failed with error -5
[    0.565443] fsl-asrc 2034000.asrc: driver registered
[    0.593932] TCP: cubic registered
[    0.595466] NET: Registered protocol family 10
[    0.608753] sit: IPv6 over IPv4 tunneling driver
[    0.610770] NET: Registered protocol family 17
[    0.613151] Bluetooth: RFCOMM TTY layer initialized
[    0.613205] Bluetooth: RFCOMM socket layer initialized
[    0.613262] Bluetooth: RFCOMM ver 1.11
[    0.613293] lib80211: common routines for IEEE802.11 drivers
[    0.613308] lib80211_crypt: registered algorithm 'NULL'
[    0.613321] lib80211_crypt: registered algorithm 'WEP'
[    0.613333] lib80211_crypt: registered algorithm 'CCMP'
[    0.613345] lib80211_crypt: registered algorithm 'TKIP'
[    0.614823] cpu cpu0: dev_pm_opp_get_opp_count: device OPP not found (-19)
[    0.629930] can-3v3: disabling
[    0.629951] regulator-dummy: disabling
[    0.632478] file system registered
[    0.633214] android_usb gadget: android_usb ready
[    0.633328] snvs_rtc 20cc034.snvs-rtc-lp: setting system clock to 1970-01-01 00:03:38 UTC (218)
[    0.699291] ALSA device list:
[    0.699307]   No soundcards found.
[    1.548153] random: nonblocking pool is initialized
[    1.966927] VFS: Mounted root (jffs2 filesystem) on device 31:2.
[    1.975582] devtmpfs: mounted
[    1.976381] Freeing unused kernel memory: 208K (806e5000 - 80719000)
[    3.048235] ci_hdrc ci_hdrc.0: at ci_runtime_suspend
[    3.048353] imx_usb 2184000.usb: at imx_controller_suspend
[    6.391269] android_usb: already disabled
[    6.393061] android_enable_function: iap2
[    6.393091] android_enable_function: ncmandroid_usb gadget: _iap2_bind_config
[    6.393407] ncm_function_bind_config MAC: 00:00:00:00:00:00
[    6.430213] ncm0: MAC c2:8e:30:52:e9:a3
[    6.430231] ncm0: HOST MAC 26:98:d9:34:fd:a1
[    6.501103] ncm0: eth_open
[    6.501135] ncm0: eth_start
[   23.312610] IPv6: ADDRCONF(NETDEV_UP): wlan0: link is not ready
[   23.317838] ncm0: stop stats: rx/tx 0/0, errs 0/0
[   23.955449] IPv6: ADDRCONF(NETDEV_CHANGE): wlan0: link becomes ready
[   69.080615] imx_usb 2184000.usb: at imx_controller_resume
[   69.080652] wakeup int at ci_hdrc.0
[   69.080684] ci_hdrc ci_hdrc.0: at ci_controller_resume
[   69.083879] [otg_set_state]  Set state: a_host
[   69.083907] [otg_statemachine]  quit statemachine, changed = 1
[   69.308460] usb 1-1: new high-speed USB device number 2 using ci_hdrc
[   69.347035] usb 1-1: is_b_host:0, config:83ad4000, parent:8228dc00, root_hub=8228dc00
[   69.347066] usb 1-1: New USB device found, idVendor=05dc, idProduct=a838
[   69.347085] usb 1-1: New USB device strings: Mfr=1, Product=2, SerialNumber=3
[   69.347102] usb 1-1: Product: USB Flash Drive
[   69.347116] usb 1-1: Manufacturer: Lexar
[   69.347131] usb 1-1: SerialNumber: AAIWBO8J6OZ60J1T
[   69.391544] usb-storage 1-1:1.0: USB Mass Storage device detected
[   69.404714] scsi0 : usb-storage 1-1:1.0
[   70.585479] scsi 0:0:0:0: Direct-Access     Lexar    USB Flash Drive  1100 PQ: 0 ANSI: 6
[   70.610659] sd 0:0:0:0: [sda] 31285248 512-byte logical blocks: (16.0 GB/14.9 GiB)
[   70.611894] sd 0:0:0:0: [sda] Write Protect is off
[   70.611959] sd 0:0:0:0: [sda] Mode Sense: 43 00 00 00
[   70.614653] sd 0:0:0:0: [sda] Write cache: enabled, read cache: enabled, doesn't support DPO or FUA
[   70.635578]  sda: sda1
[   70.664162] sd 0:0:0:0: [sda] Attached SCSI removable disk
[   77.279930] sh (267): /proc/85/oom_adj is deprecated, please use /proc/85/oom_score_adj instead.
[  208.192847] [otg_set_state]  Set state: a_wait_bcon
[  208.192885] [otg_statemachine]  quit statemachine, changed = 1
[  208.193128] usb 1-1: USB disconnect, device number 2
[  208.231894] sd 0:0:0:0: [sda] Synchronizing SCSI cache
[  208.232225] sd 0:0:0:0: [sda]  
[  208.232239] Result: hostbyte=DID_NO_CONNECT driverbyte=DRIVER_OK
